// Jest Snapshot v1, https://goo.gl/fbAQLP

exports[`should render expenseList with expenses 1`] = `
<div>
  <ExpenseListItem
    amount={195}
    createAt={0}
    description="Gum"
    id="0"
    key="0"
    note=""
  />
  <ExpenseListItem
    amount={195000}
    createAt={-345600000}
    description="Rent"
    id="1"
    key="1"
    note=""
  />
  <ExpenseListItem
    amount={4500}
    createAt={345600000}
    description="Credit"
    id="2"
    key="2"
    note=""
  />
</div>
`;

exports[`should render expenseList with no expense 1`] = `
<div>
  <p>
    No Expense. 
  </p>
</div>
`;
