// Jest Snapshot v1, https://goo.gl/fbAQLP

exports[`should render ExpenseListItem correctly 1`] = `
<div>
  <[object Object]
    to="/edit/1"
  >
    <h3>
      Rent
    </h3>
  </[object Object]>
  <p>
    195000
     - 
    -345600000
  </p>
</div>
`;
